3005.dat Brick (1x1 Brick)
3062B.dat Brick (1x1 Brick Round With Hollow Stud)
3004.dat Brick (1x2 Brick)
3700.dat Brick (1x2 Brick With Hole)
3622.dat Brick (1x3 Brick)
3010.dat Brick (1x4 Brick)
3009.dat Brick (1x6 Brick)
3008.dat Brick (1x8 Brick)
6111.dat Brick (1x10 Brick)
3003.dat Brick (2x2 Brick)
3002.dat Brick (2x3 Brick)
3001.dat Brick (2x4 Brick)
3063.dat Brick Curved Brick 
2357.dat Brick Corner Brick
2462.dat Brick 3x3 Corner Brick
3581.dat Brick 1x1X2 With Shutter Holder
3024.dat Plate (1x1 Plate)
3023.dat Plate (1x2 Plate)
3623.dat Plate (1x3 Plate)
3710.dat Plate (1x4 Plate)
3666.dat Plate (1x6 Plate)
3460.dat Plate (1x8 Plate)
4477.dat Plate (1x10 Plate)
3022.dat Plate (2x2 Plate)
3021.dat Plate (2x3 Plate)
3020.dat Plate (2x4 Plate)
3795.dat Plate (2x6 Plate)
3034.dat Plate (2x8 Plate)
3832.dat Plate (2x10 Plate)
3176.dat Plate 3x2 Plate With Hole
4488.dat Cart 2x2 With Wheel Holder
2420.dat Plate Corner
4085A.dat Plate With Clip Holder
3794.dat Plate With Central Stud
3031.dat Plate 4x4 Plate
3032.dat Plate 4x6 Plate
3035.dat Plate 4x8 Plate
3030.dat Plate 4x10 Plate
3958.dat Plate 6x6 Plate
3036.dat Plate 6x8 Plate
3033.dat Plate 6x10 Plate
3028.dat Plate 6x12 Plate
3029.dat Plate 4x12 Plate
4444.dat Wall Brick 
4444P02.dat Wall Window Stones
4444P01.dat Wall Scattered Stones
4444P03.dat Wall (Wooden Pattern)
4444P05.dat Wall Window Stones
4444P04.dat Wall Scattered Stones
2345.dat Wall Corner
2345P01.dat Wall Corner Wood Pattern
4286.dat Slope 1x3 Slope
4287.dat Slope 1x3Inv Slope
3298.dat Slope 2x3 Slope
3747.dat Slope 2x3Inv Slope
3040B.dat Slope 1x2 Slope
3665.dat Slope 1x2Inv Slope
3039.dat Slope 2x2 Slope 
3660.dat Slope 2x2Inv Slope 
3675.dat Slope 2x2 (Double Convex) Slope 
3676.dat Slope 2x2 Double Convex Inv Slope
4460.dat Slope 1x2X3 Slope
2449.dat Slope 1x2X3 Slope Inv
3688.dat Slope
3678.dat Slope
3684.dat Slope 2x2X3 Slope
3685.dat Slope 2x2X3 Slope Double Convex 
6044.dat Slope With Studs
3043.dat Slope Roof Top 2x2, 
3044.dat Slope Roof Top 1x2
3038.dat Slope Brick 45  2 x  3  
3659.dat Arch 1x4
4490.dat Arch 1x3
2339.dat Arch Half Arch
3455.dat Arch 1x6
3308.dat Arch 1x8
4495.dat Misc Flag
3633.dat Misc Fence Low
3185.dat Misc Fence High
6079.dat Misc Fence Large		
2429.dat Plate
2430.dat Plate 
3830.dat Brick 
3831.dat Brick
6083.dat Misc Stone Medium 
6082.dat Misc Stone Large 
2423.dat Misc Plant Leaves Small 
2417.dat Misc Plant Leaves Large
4088.dat Boat Black Kni Small Boat Part			
2450.dat Plate (Qrtr Tower Base Plate) 
2419.dat Plate (Semi Tower Base Plate) 
6066.dat Wall (Semi Tower Battlment)
4855.dat Boat 
4859.dat Boat 
3062B.dat Misc Round 1x2 Brick, 
2489.dat Misc Barrel, 
4032.dat Misc Plate 2x2 Round
6105.dat Arch Door 1 x 4 x 8 With 1/4 Circle Top
2554.dat Arch Door 1 x 3 x 6 With 1/4 Circle Top
2470.dat Cart Wheel Small, 
4489.dat Cart Wheel Large, 
2397.dat Cart (Cart Connector 1) 
4587.dat Cart (Cart Connector 2) 
2452.dat Cart Hinge 3 (Cart Connector 2)
251C01.dat Cart
4600.dat Cart Plate With 2 Wheelholders
3299.dat Slope Roof 2x4
3042.dat Slope Roof 2x3
3041.dat Slope Roof 2.4
4161.dat Slope 3x3
3297.dat Slope 3x4
3046.dat Slope 2x2 Double Concave
962.dat Slope 2x2 Double Convex Double Concave
3045.dat Slope Brick 45  2 x  2 Double Convex 
3037.dat Slope Brick 45  2 x  4  
4854.dat Boat Small Middle
4871.dat Boat Small Middleb
3307.dat Arch 1x6X2
6108.dat Arch 1x12x3
3070.dat Tile  1x1 Tile
3069.dat Tile  1x2 Tile
2431.dat Tile  1x4 Tile
6636.dat Tile  1x6 Tile
4162.dat Tile  1x8 Tile
4070.dat Brick 1 x 1 With Headlight  
3673.dat Brick Technic Pin 
2335.dat Misc Misc Flag  2 x  2 
2335P43.dat   Misc Flag  2 x  2 With Black Falcon Pattern 
2335Pw1.dat   Misc Flag  2 x  2 With Cavalry Logo Pattern  
2335P40.dat   Misc Flag  2 x  2 With Goblets And Grapes Pattern 
2335P44.dat   Misc Flag  2 x  2 With Wolfman Pattern  
3957.dat	Misc Antenna 4H
3471.dat Misc Plant Tree Pine (Large)
2435.dat Misc Plant Tree Pine (Small).
2536C01.dat Misc Palm Tree
Flowers.dat Misc Flowers
3470.dat Misc Plant Tree Fruit (Round)
6064.dat Plant Bush
3741.dat Misc Stem
4150P40.dat Misc Archery
4276.dat Hinge Plate 1 x 2 With 2 Fingers
4275.dat Hinge Plate 1 x 2 With 3 Fingers
2454.dat Brick 1 x 2 x 5
2453.dat Brick 1 x 1 x 5
2429.dat Hinge Plate  1 x  4 Base                                        
2430.dat Hinge Plate  1 x  4 Top  
4315.dat Hinge Plate 1x4 With Car Roof Holder
4213.dat Hinge Car Roof 4x4



3058.Dat	Slope Brick 45 1 x 2 Triple
2400.Dat	Arch Door
3456.Dat	Plate  6 x 14                                                   
3027.Dat	Plate  6 x 16 
3839B.Dat 	Plate 1 x 2 With Handles Type 2
4081B.Dat   	Plate 1 x 1 With Clip Light - Type 2
2540.Dat	Plate 1 x 2 With Handle                                                
4873.Dat	Misc Bar 1 x 6 With Studs Open                                       
2546.Dat	Misc Animal Bird
4611.Dat	Arch Door 6 x 7 Barred
6235.Dat	Arch Freestyle Door 2 x 6 x 6 Frame
6235Rbbmod.Dat	Arch Freestyle Door  2 x  6 x  7 Frame
2444.Dat	Plate 2 x 2 With Hole

3937.Dat	Hinge 1 x 2 Base
3938.Dat	Hinge 1 x 2 Top
3935.Dat	Plate Wing 4 x 4 Right
3935.Dat	Plate Wing 4 x 4 Left
2341.Dat	Slope Brick 45 3 x 1 Inverted Double
6056.Dat	Brick 2 x 2 x 6 With Groove

2626.Dat	Boat Base 6 x 6
4318.Dat	Boat Mast Hinged With 2 Fingers On Both Sides
2625.Dat	Boat Bow Plate 6 x 7

4626.Dat	Cart Excavatir Bucker 2 x 3
4504.Dat	Hinge Plate 1 x 6 With 2 And 3 Fingers On Ends
4587.Dat	Cart Animal Horse Hitching With Hinge
2397.Dat	Cart Animal Horse Hitching
4488.Dat	Plate 2 x 2 With Wheel Holder	(Allows For 1 Wheel)
4600.Dat	Plate 2 x 2 With Wheels Holder	(Allows For 2 Wheels)
4073.Dat	Plate 1 x 1 Round



4493C01.dat cart Horse Black
4493C02.dat cart Horse White
4493C03.dat cart Horse Brown
4491A.dat cart saddle with single clip
4491B.dat cart saddle with dual clips



819.dat       Baseplate  8 x 12                                               
3865.dat      Baseplate  8 x 16                                               
3497.dat      Baseplate  8 x 24                                               
4187.dat      Baseplate  8 x 32                                               
397.dat       Baseplate 10 x 16                                               
3867.dat      Baseplate 16 x 16                                               
912.dat       Baseplate 16 x 16 Control Tower Set 340                         
30225.dat     Baseplate 16 x 16 Driveway                                      
30225P01.dat  Baseplate 16 x 16 Driveway with Gray Drive Pattern              
30225P02.dat  Baseplate 16 x 16 Driveway with Gray Drive/White Stripes Pattern
3867P01.dat   Baseplate 16 x 16 with Island and Water Pattern                 
3867P02.dat   Baseplate 16 x 16 with Island Pattern                           
184.dat       Baseplate 16 x 18                                               
210.dat       Baseplate 16 x 22                                               
3334.dat      Baseplate 16 x 24                                               
455.dat       Baseplate 16 x 24 with Rounded Corners                          
455P01.dat    Baseplate 16 x 24 with Rounded Corners with Set 344 Dots Pattern
455P02.dat    Baseplate 16 x 24 with Rounded Corners with Set 362 Dots Pattern
811.dat       Baseplate 16 x 32 Warehouse Set 341                             
648.dat       Baseplate 16 x 32 with Railway Station Studs                    
374.dat       Baseplate 16 x 32 with Rounded Corners                          
374P01.dat    Baseplate 16 x 32 with Rounded Corners and Set 350 Dots Pattern 
3857.dat      Baseplate 16 x 32 with Square Corners                           
367.dat       Baseplate 24 x 24 with Studs on Edges                           
10.dat        Baseplate 24 x 32                                               
915.dat       Baseplate 24 x 32 Fire-House                                    
915P02.dat    Baseplate 24 x 32 Fire-House with Set 350 Dot Pattern           
915P01.dat    Baseplate 24 x 32 Fire-House with Set EU357/US570 Dot Pattern   
10P04.dat     Baseplate 24 x 32 with Set 345 Dot Pattern                      
10P05.dat     Baseplate 24 x 32 with Set 351 Dots Pattern                     
10P02.dat     Baseplate 24 x 32 with Set 354 Dots Pattern                     
10P03.dat     Baseplate 24 x 32 with Set 358 Dots Pattern                     
10P01.dat     Baseplate 24 x 32 with Set 363 Dots Pattern                     
785.dat       Baseplate 24 x 32 with Studs on Edges                           
3811.dat      Baseplate 32 x 32                                               
6024.dat      Baseplate 32 x 32 Canyon Plate                                  
30473.dat     Baseplate 32 x 32 Canyon Plate without Island                   
309P02.dat    Baseplate 32 x 32 Island with River Pattern                     
30030.dat     Baseplate 32 x 32 Racing                                        
2552.dat      Baseplate 32 x 32 Raised with Ramp and Pit                      
6092.dat      Baseplate 32 x 32 Raised with Ramp, Pit and Stairs              
425.dat       Baseplate 32 x 32 Road 3 Lane                                   
425P01.dat    Baseplate 32 x 32 Road 3 Lane with Race Track Pattern           
44336P01.dat  Baseplate 32 x 32 Road 6-Stud Straight with Road Pattern        
2361P01.dat   Baseplate 32 x 32 Road 7-Stud Crossroads with Crosswalks        
2359.dat      Baseplate 32 x 32 Road 7-Stud Curve                             
2359P01.dat   Baseplate 32 x 32 Road 7-Stud Curve with Pattern                
2358P03.dat   Baseplate 32 x 32 Road 7-Stud Straight with Plain Runway Pattern
80547.dat     Baseplate 32 x 32 Road 7-Stud Straight with Road Pattern        
2358P02.dat   Baseplate 32 x 32 Road 7-Stud Straight with Runway Pattern      
2360P01.dat   Baseplate 32 x 32 Road 7-Stud T Intersection with Crosswalks    
611.dat       Baseplate 32 x 32 Road 8-Stud Crossroads                        
611P01.dat    Baseplate 32 x 32 Road 8-Stud Crossroads with Pattern           
613.dat       Baseplate 32 x 32 Road 8-Stud Curve                             
613P01.dat    Baseplate 32 x 32 Road 8-Stud Curve with Pattern                
610.dat       Baseplate 32 x 32 Road 8-Stud Straight                          
610P01.dat    Baseplate 32 x 32 Road 8-Stud Straight with Pattern             
612.dat       Baseplate 32 x 32 Road 8-Stud T Intersection                    
612P01.dat    Baseplate 32 x 32 Road 8-Stud T Intersection with Pattern       
609.dat       Baseplate 32 x 32 Road 9-Stud Curve                             
609P01.dat    Baseplate 32 x 32 Road 9-Stud Curve with Pattern                
6099P02.dat   Baseplate 32 x 32 Road 9-Stud Landing Pad with Green Octagon    
6099P03.dat   Baseplate 32 x 32 Road 9-Stud Landing Pad with Yellow Circle    
606P33.dat    Baseplate 32 x 32 Road 9-Stud Straight Runway                   
608P02.dat    Baseplate 32 x 32 Road 9-Stud T Intersection with Green Octagon 
608P03.dat    Baseplate 32 x 32 Road 9-Stud T Intersection with Yellow Lines  
608P33.dat    Baseplate 32 x 32 Road 9-Stud T-Junction Runway (needs work)    
2361.dat      Baseplate 32 x 32 Road Crossroads                               
607P01.dat    Baseplate 32 x 32 Road Crossroads with Road Pattern-9 Studs     
607.dat       Baseplate 32 x 32 Road Crossroads-9 Studs                       
2358.dat      Baseplate 32 x 32 Road Straight                                 
606P02.dat    Baseplate 32 x 32 Road Straight with Road and Crosswalk-9 Studs 
606P01.dat    Baseplate 32 x 32 Road Straight with Road Pattern-9 Studs       
606.dat       Baseplate 32 x 32 Road Straight-9 Studs                         
2360.dat      Baseplate 32 x 32 Road T Intersection                           
608P01.dat    Baseplate 32 x 32 Road T Intersection with Road Pattern-9 Studs 
608.dat       Baseplate 32 x 32 Road T Intersection-9 Studs                   
309.dat       Baseplate 32 x 32 Service Station                               
309P01.dat    Baseplate 32 x 32 Service Station with Pattern                  
6100.dat      Baseplate 32 x 32 with 3 Driveways                              
6100P01.dat   Baseplate 32 x 32 with 3 Driveways and Set 6571 Pattern         
3947.dat      Baseplate 32 x 32 with Craters                                  
4478.dat      Baseplate 32 x 32 with Driveway                                 
4478P01.dat   Baseplate 32 x 32 With Driveway and Grey Pattern                
3811P02.dat   Baseplate 32 x 32 with Island and Water Pattern                 
30030P01.dat  Baseplate 32 x 32 with Racing Pattern                           
3811P01.dat   Baseplate 32 x 32 with Set 7838 Dots Pattern                    
6261.dat      Baseplate 32 x 48 Raised with Ramp, Pit and Stairs              
809.dat       Baseplate 40 x 24 Gravel Quarry with Set EU360/US580 Dot Pattern
4186.dat      Baseplate 48 x 48                                               
4186P01.dat   Baseplate 48 x 48 with Playing Field Pattern                    
782.dat       Baseplate 50 x 50                                               
911.dat       Baseplate Train-Ferry Set 343     



3896.dat	Minifig	Castle Helmet with Chin-Guard
3844.dat	Minifig	Castle Helmet with Neck Protector
KniHelB.dat	Minifig	Castle Helmet Knight Black
KniHelBG.dat	Minifig	Castle Helmet Knight Black and Grey
KniHelGB.dat	Minifig	Castle Helmet Knight Grey and Black
KniHelG.dat	Minifig	Castle Helmet Knight Grey
RobCapG.dat	Minifig	Forestman Cap Green
RobCapB.dat	Minifig	Forestman Cap Rrown


3901.dat	Minifig	Hair Male
6093.dat	Minifig	Hair Shoulder Length
71015.dat	Minifig	Hat Crown

6131.dat	Minifig	Wizards Hat



3626A.dat	Minifig	Stud Solid
3626AP01.dat	Minifig	Stud Solid with Standard Grin Pattern
3626BP01.dat	Minifig	Standard Grin Pattern
3626BPA2.dat	Minifig	Adventurers Mummy Pattern
3626bp7b.dat	Minifig	Blue Sunglasses Pattern


3626bp7c.dat	Minifig	Blue Wrap-Around Sunglasses Pattern


3626BP7A.dat	Minifig	Brown Hair over Eye and Black Eyebrows Pattern
3626BPA6.dat	Minifig	"Brown Hair, Eyelashes, and Lipstick Pattern"
3626BP39.dat	Minifig	Dark Grey Facial Hair Pattern
3626BPA1.dat	Minifig	Glasses and White Muttonchops Pattern
3626BP69.dat	Minifig	Headset Over Brown Hair & Eyebrows Pattern
3626BP65.dat	Minifig	Ice Planet Female Red Hair Pattern
3626BP62.dat	Minifig	Ice Planet Messy White Hair
3626BP61.dat	Minifig	Ice Planet Moustache and Eyebrows Pattern
3626BP3K.dat	Minifig	Islander White/Blue Painted Face Pattern
3626BP3J.dat	Minifig	Islander White/Red Painted Face Pattern
3626BP31.dat	Minifig	Messy Hair and Eye Patch Pattern
3626BP30.dat	Minifig	Messy Hair and Moustache Pattern
3626BP40.dat	Minifig	Messy Hair Female Pattern
3626BP34.dat	Minifig	"Messy Hair, Beard and Eye Patch Pattern"
3626BP33.dat	Minifig	"Messy Hair, Moustache, and Beard Pattern"
3626BP32.dat	Minifig	"Messy Hair, Moustache, and Eye Patch Pattern"
3626BPA7.dat	Minifig	"Monocle, Scar, and Moustache Pattern"


3626bp6f.dat	Minifig	Red Lips and Black Upswept Eyelashes Pattern


3626BP3N.dat	Minifig	Sideburns and Droopy Moustache Black Pattern
3626BP3Q.dat	Minifig	Sideburns and Droopy Moustache Brown Pattern
3626BP63.dat	Minifig	Silver Robot Pattern
3626BPA3.dat	Minifig	Smirk & Black Moustache Pattern
3626BP05.dat	Minifig	Standard Grin and Eyebrows Pattern
3626BP03.dat	Minifig	Standard Grin and Pointed Moustache Pattern
3626BP04.dat	Minifig	Standard Grin and Sunglasses Pattern
3626BP06.dat	Minifig	"Standard Grin, Eyebrows and Microphone Pattern"
3626BP02.dat	Minifig	Standard Woman Pattern
3626BPA5.dat	Minifig	"Stubble, Moustache and Smirk Pattern"
3626BPSB.dat	Minifig	SW Alien with Large Black Eyes Pattern
3626BPS7.dat	Minifig	SW Black Eyebrows and Scars Pattern
3626BPS9.dat	Minifig	SW Brown Eyebrows and Beard Pattern
3626BPS2.dat	Minifig	SW Brown Eyebrows Pattern
3626BPS8.dat	Minifig	SW Darth Maul Pattern
3626BPS4.dat	Minifig	SW Grey Beard and Eyebrows Pattern
3626BPSC.dat	Minifig	SW Grey Eyebrows & Implant Pattern
3626BPSE.dat	Minifig	SW Scout Trooper Black Visor Pattern
3626BPS3.dat	Minifig	SW Small Black Eyebrows Pattern
3626BPS5.dat	Minifig	SW Smirk and Brown Eyebrows pattern
3626BPST.dat	Minifig	SW Tusken Raider Pattern
3626BPAC.dat	Minifig	Tribal Paint and Frown Pattern
3626BPA4.dat	Minifig	Villian Black Facial Hair Pattern
3626bpa9.dat	Minifig	Villainous Glasses & Black Facial Hair Pattern


3626bp3e.dat	Minifig	Wiry Moustache and Eyebrows Pattern


30378.dat	Minifig	Mechanical Head SW Battle Droid
82359.dat	Minifig	Skeleton Skull
3626B.dat	Minifig	Stud Hollow



973P43.dat	Minifig	Black Falcon Pattern
973P4N.dat	Minifig	Blue Castle Bodice Pattern
973P40.dat	Minifig	Castle Breastplate Pattern
973P41.dat	Minifig	Castle Chainmail Pattern
973P42.dat	Minifig	Castle Crossed Pikes Pattern
973P4G.dat	Minifig	Castle Female Armor Pattern
973P47.dat	Minifig	Castle Red/Gray Pattern
973P4B.dat	Minifig	Dragon Head Pattern
973P46.dat	Minifig	Forestman and Purse Pattern
973P50.dat	Minifig	Forestman Black Collar Pattern
973P49.dat	Minifig	Forestman Blue Collar Pattern
973P48.dat	Minifig	Forestman Maroon Collar Pattern
973P4Q.dat	Minifig	Green Castle Bodice Pattern



973P4T.dat	Minifig	Red/Peach Quarters Shield Pattern
973P4E.dat	Minifig	Royal Knights Lion Head & Neck-Chain Pattern
973P4D.dat	Minifig	Royal Knights Lion-Head Shield Pattern

973P45.dat	Minifig	Studded Armor Pattern

973P44.dat	Minifig	Wolfpack Pattern
6260.dat	Minifig	Skeleton Torso




970.dat	Minifig	Plain




2587.dat	Minifig	Armor Plate
522.dat	Minifig	Cape Cloth
4498.dat	Minifig	Arrow Quiver
2524.dat	Minifig	Backpack Non-Opening
4524.dat	Minifig	Cape
6132.dat	Minifig	Hair Beard



982.dat	Minifig	Right
30377.dat	Minifig	Mechanical Arm
6265.dat	Minifig	Skeleton Arm



981.dat	Minifig	Left
30377.dat	Minifig	Mechanical Arm
6265.dat	Minifig	Skeleton Arm



983.dat	Minifig	Hand



983.dat	Minifig	Hand






3848.dat	Minifig	Battleaxe


4499.dat	Minifig	Bow with Arrow
3849.dat	Minifig	Castle Lance
2570.dat	Minifig	Crossbow
3899.dat	Minifig	Cup
2343.dat	Minifig	Goblet
4349.dat	Minifig	
6124.dat	Minifig	Magic Wand
770p4c.dat	Minifig	Shield Ovoid with Blue Dragon Pattern
770ph1.dat	Minifig	Shield Ovoid with Golden Lion Pattern
770p4b.dat	Minifig	Shield Ovoid with Green Dragon Pattern
770p4d.dat	Minifig	Shield Ovoid with Royal Knights Lion Pattern
3876.dat	Minifig	Shield Round

3846p43.dat	Minifig	Shield Triangular with Black Falcon Pattern

3846p45.dat	Minifig	Shield Triangular with Black Falcon Blue Border Pattern
3846p46.dat	Minifig	Shield Triangular with Black Falcon Yellow Border Pattern
3846p4c.dat	Minifig	Shield Triangular with Blue Dragon Pattern
3846p4g.dat	Minifig	Shield Triangular with Blue Lion on Yellow Background
3846p48.dat	Minifig	Shield Triangular with Forestman Pattern
3846p4u.dat	Minifig	Shield Triangular with Maroon/Red Quarters Pattern
3846p47.dat	Minifig	"Shield Triangular with Red and Gray Pattern, Blue Frame"
3846p4t.dat	Minifig	Shield Triangular with Red/Peach Quarters Pattern
3846p4d.dat	Minifig	Shield Triangular with Royal Knights Lion Pattern
3846p44.dat	Minifig	Shield Triangular with Wolfpack Pattern
3846p4h.dat	Minifig	Shield Triangular with Yellow Lion on Blue Background
3837.dat	Minifig	Shovel
4497.dat	Minifig	Spear

2530.dat	Minifig	Sword Cutlass
59.dat	Minifig	Sword Greatsword
30173.dat	Minifig	Sword Katana
3847.dat	Minifig	Sword Shortsword
6246b.dat	Minifig	Tool Hammer
774.dat	Minifig	Tool Handaxe
4522.dat	Minifig	Tool Mallet
2542.dat	Minifig	Tool Oar
6246e.dat	Minifig	Tool Open End Wrench
3841.dat	Minifig	Tool Pickaxe
3836.dat	Minifig	Tool Pushbroom



3959.dat	Minifig	Torch


2488.dat	Minifig	Whip






3848.dat	Minifig	Battleaxe
Update	Minifig	;

4499.dat	Minifig	Bow with Arrow
3849.dat	Minifig	Castle Lance
2570.dat	Minifig	Crossbow
3899.dat	Minifig	Cup
2343.dat	Minifig	Goblet

6124.dat	Minifig	Magic Wand
6123.dat	Minifig	Polearm Halberd
770p4c.dat	Minifig	Shield Ovoid with Blue Dragon Pattern
770ph1.dat	Minifig	Shield Ovoid with Golden Lion Pattern
770p4b.dat	Minifig	Shield Ovoid with Green Dragon Pattern
770p4d.dat	Minifig	Shield Ovoid with Royal Knights Lion Pattern
770ps1.dat	Minifig	Shield Ovoid with SW Gungans Patrol Pattern
3876.dat	Minifig	Shield Round
3846.dat	Minifig	Shield Triangular


3846p43.dat	Minifig	Shield Triangular with Black Falcon Pattern


3846p45.dat	Minifig	Shield Triangular with Black Falcon Blue Border Pattern
3846p46.dat	Minifig	Shield Triangular with Black Falcon Yellow Border Pattern
3846p4c.dat	Minifig	Shield Triangular with Blue Dragon Pattern
3846p4g.dat	Minifig	Shield Triangular with Blue Lion on Yellow Background
3846p48.dat	Minifig	Shield Triangular with Forestman Pattern
3846p4u.dat	Minifig	Shield Triangular with Maroon/Red Quarters Pattern
3846p47.dat	Minifig	"Shield Triangular with Red and Gray Pattern, Blue Frame"
3846p4t.dat	Minifig	Shield Triangular with Red/Peach Quarters Pattern
3846p4d.dat	Minifig	Shield Triangular with Royal Knights Lion Pattern
3846p44.dat	Minifig	Shield Triangular with Wolfpack Pattern
3846p4h.dat	Minifig	Shield Triangular with Yellow Lion on Blue Background
3837.dat	Minifig	Shovel
4497.dat	Minifig	Spear

2530.dat	Minifig	Sword Cutlass
59.dat	Minifig	Sword Greatsword
30173.dat	Minifig	Sword Katana
3847.dat	Minifig	Sword Shortsword
6246b.dat	Minifig	Tool Hammer
774.dat	Minifig	Tool Handaxe
4522.dat	Minifig	Tool Mallet
2542.dat	Minifig	Tool Oar
3841.dat	Minifig	Tool Pickaxe
3836.dat	Minifig	Tool Pushbroom


3959.dat	Minifig	Torch


2488.dat	Minifig	Whip




971.dat	Minifig	Plain Leg
971P3J.dat	Minifig	Grass Skirt Pattern
971PA2.dat	Minifig	Green Kilt and Toes Pattern
971P4F.dat	Minifig	Leather Straps (Red Studs) Pattern



971phb.dat	Minifig	Purple Greatcoat Pattern


6266.dat	Minifig	Skeleton Leg




972.dat	Minifig	Plain Leg
972P3J.dat	Minifig	Grass Skirt Pattern
972PA2.dat	Minifig	Green Kilt and Toes Pattern
972P4F.dat	Minifig	Leather Straps (Red Studs) Pattern


6266.dat	Minifig	Skeleton Leg
